
> react-example@0.0.0 build
> vite build

[36mvite v6.4.1 [32mbuilding for production...[36m[39m
transforming...
[32mΓ£ô[39m 5 modules transformed.
node.exe : [31mΓ£ù[39m Build 
failed in 138ms
At line:1 char:1
+ & "C:\Program 
Files\nodejs/node.exe" 
"C:\Program 
Files\nodejs/node_mo ...
+ ~~~~~~~~~~~~~~~~~~~~~~~~~~~~~
~~~~~~~~~~~~~~~~~~~~~~~~~~~~~~~
~~~~~~~~~
    + CategoryInfo             
 : NotSpecified: ([31mΓ£    
ù[39m Build failed in 1    
38ms:String) [], RemoteE    
xception
    + FullyQualifiedErrorId    
 : NativeCommandError
 
[31merror during build:
[31m[@tailwindcss/vite:generat
e:build] Cannot apply unknown 
utility class 
`shadow-gold-500/10`[31m
file: [36mC:/Users/Administrat
or/Downloads/investments-pro-2.
0/src/index.css[31m
    at onInvalidCandidate (file
:///C:/Users/Administrator/Down
loads/investments-pro-2.0/node_
modules/tailwindcss/dist/chunk-
O3SHLFNR.mjs:21:1511)
    at $e (file:///C:/Users/Adm
inistrator/Downloads/investment
s-pro-2.0/node_modules/tailwind
css/dist/chunk-O3SHLFNR.mjs:16:
37066)
    at file:///C:/Users/Adminis
trator/Downloads/investments-pr
o-2.0/node_modules/tailwindcss/
dist/chunk-O3SHLFNR.mjs:21:355
    at Ar (file:///C:/Users/Adm
inistrator/Downloads/investment
s-pro-2.0/node_modules/tailwind
css/dist/chunk-O3SHLFNR.mjs:3:1
733)
    at I (file:///C:/Users/Admi
nistrator/Downloads/investments
-pro-2.0/node_modules/tailwindc
ss/dist/chunk-O3SHLFNR.mjs:3:13
77)
    at Ce (file:///C:/Users/Adm
inistrator/Downloads/investment
s-pro-2.0/node_modules/tailwind
css/dist/chunk-O3SHLFNR.mjs:21:
172)
    at Gi (file:///C:/Users/Adm
inistrator/Downloads/investment
s-pro-2.0/node_modules/tailwind
css/dist/chunk-O3SHLFNR.mjs:38:
294)
    at async ao (file:///C:/Use
rs/Administrator/Downloads/inve
stments-pro-2.0/node_modules/ta
ilwindcss/dist/chunk-O3SHLFNR.m
js:38:631)
    at async vf (file:///C:/Use
rs/Administrator/Downloads/inve
stments-pro-2.0/node_modules/ta
ilwindcss/dist/chunk-O3SHLFNR.m
js:38:1406)
    at async uu (file:///C:/Use
rs/Administrator/Downloads/inve
stments-pro-2.0/node_modules/@t
ailwindcss/node/dist/index.mjs:
10:3458)[39m
